// Jest Snapshot v1, https://goo.gl/fbAQLP

exports[`matches snapshot 1`] = `
<DocumentFragment>
  <div
    style="display: inline-block; text-align: center;"
  >
    <div />
    <div>
      <button
        style="width: 100%;"
      >
        X
      </button>
    </div>
  </div>
</DocumentFragment>
`;
